<html>
<body>
<pre>
<h1>µVision Build Log</h1>
<h2>Tool Versions:</h2>
IDE-Version: ¦ÌVision V5.24.2.0
Copyright (C) 2017 ARM Ltd and ARM Germany GmbH. All rights reserved.
License Information: 111 111, 111, LIC=0VR9U-SYEDP-IL2CB-2D0FA-I6FJZ-KVQW6
 
Tool Versions:
Toolchain:       MDK-ARM Professional  Version: 5.24.1
Toolchain Path:  E:\keil5\ARM\ARMCC\Bin
C Compiler:      Armcc.exe V5.06 update 5 (build 528)
Assembler:       Armasm.exe V5.06 update 5 (build 528)
Linker/Locator:  ArmLink.exe V5.06 update 5 (build 528)
Library Manager: ArmAr.exe V5.06 update 5 (build 528)
Hex Converter:   FromElf.exe V5.06 update 5 (build 528)
CPU DLL:         SARMCM3.DLL V5.24.1
Dialog DLL:      DARMSTM.DLL V1.68.0.0
Target DLL:      STLink\ST-LINKIII-KEIL_SWO.dll V3.0.1.0
Dialog DLL:      TCM.DLL V1.32.0.0
 
<h2>Project:</h2>
e:\Èí¼þ\SPI\SPI_TI_ERR\SPI_chip1\prj\LMCM32401-Program\Project\LMCM32F401.uvprojx
Project File Date:  01/11/2023

<h2>Output:</h2>
*** Using Compiler 'V5.06 update 5 (build 528)', folder: 'E:\keil5\ARM\ARMCC\Bin'
Build target 'Template'
compiling LMCM32F401-main.c...
..\User\LMCM32F401-main.c(53): warning:  #177-D: variable "TIM_BDTRInitStruct"  was declared but never referenced
  	TIM_BDTRInitTypeDef TIM_BDTRInitStruct;
..\User\LMCM32F401-main.c(95): warning:  #550-D: variable "NVIC_InitStructure"  was set but never used
  	NVIC_InitTypeDef NVIC_InitStructure;
..\User\LMCM32F401-main.c(141): warning:  #177-D: variable "GPIO_InitStructure"  was declared but never referenced
    GPIO_InitTypeDef GPIO_InitStructure;
..\User\LMCM32F401-main.c: 3 warnings, 0 errors
linking...
Program Size: Code=3388 RO-data=436 RW-data=4 ZI-data=4100  
FromELF: creating hex file...
After Build - User command #1: fromelf -cvf .\Objects\Template.axf --vhx --32x1 -o main.vhex
After Build - User command #2: E:\Keil5\ARM\ARMCC\bin\fromelf.exe --text -c -o e:\Èí¼þ\SPI\SPI_TI_ERR\SPI_chip1\prj\LMCM32401-Program\Project\Objects\Template.asm e:\Èí¼þ\SPI\SPI_TI_ERR\SPI_chip1\prj\LMCM32401-Program\Project\Objects\Template.axf
".\Objects\Template.axf" - 0 Error(s), 3 Warning(s).

<h2>Software Packages used:</h2>

Package Vendor: Keil
                http://www.keil.com/pack/Keil.STM32F4xx_DFP.2.15.0.pack
                Keil.STM32F4xx_DFP.2.15.0
                STMicroelectronics STM32F4 Series Device Support, Drivers and Examples

<h2>Collection of Component include folders:</h2>
  .\RTE\_Template
  E:\keil5\Keil\STM32F4xx_DFP\2.15.0\Drivers\CMSIS\Device\ST\STM32F4xx\Include

<h2>Collection of Component Files used:</h2>
Build Time Elapsed:  00:00:01
</pre>
</body>
</html>
